// Jest Snapshot v1, https://goo.gl/fbAQLP

exports[`matches snapshot 1`] = `
<View
  collapsable={true}
  pointerEvents="box-none"
  style={
    Object {
      "flex": 1,
    }
  }
>
  <View
    style={
      Object {
        "alignItems": "stretch",
        "flexDirection": "row",
        "marginBottom": 20,
        "width": "100%",
      }
    }
  >
    <View
      style={
        Object {
          "alignItems": "center",
          "paddingBottom": 4,
          "paddingLeft": 4,
          "paddingRight": 4,
          "paddingTop": 4,
        }
      }
    >
      <Text
        style={
          Object {
            "fontFamily": "IBM Plex Sans",
            "fontSize": 9,
            "fontWeight": "bold",
            "letterSpacing": 1.5,
            "lineHeight": 20,
            "textAlign": "center",
            "textTransform": "uppercase",
          }
        }
      >
        Apr
      </Text>
      <View
        riskLevel="possible"
        size={36}
        style={
          Object {
            "alignContent": "center",
            "alignItems": "center",
            "borderBottomLeftRadius": 18,
            "borderBottomRightRadius": 18,
            "borderColor": "transparent",
            "borderStyle": "solid",
            "borderTopLeftRadius": 18,
            "borderTopRightRadius": 18,
            "borderWidth": 1,
            "flexDirection": "row",
            "height": 36,
            "width": 36,
          }
        }
      >
        <Text
          riskLevel="possible"
          style={
            Object {
              "flexBasis": 0,
              "flexGrow": 1,
              "flexShrink": 1,
              "fontSize": 12,
              "fontWeight": "bold",
              "textAlign": "center",
            }
          }
        >
          11
        </Text>
      </View>
    </View>
    <View
      style={
        Object {
          "borderBottomLeftRadius": 6,
          "borderBottomRightRadius": 6,
          "borderColor": "black",
          "borderStyle": "solid",
          "borderTopLeftRadius": 6,
          "borderTopRightRadius": 6,
          "borderWidth": 1,
          "flexBasis": 0,
          "flexGrow": 1,
          "flexShrink": 1,
          "marginLeft": 14,
          "paddingBottom": 24,
          "paddingLeft": 16,
          "paddingRight": 16,
          "paddingTop": 16,
        }
      }
    >
      <Text
        style={
          Object {
            "fontSize": 16,
            "fontWeight": "bold",
            "lineHeight": 20,
          }
        }
      >
        Possible
      </Text>
      <View
        style={
          Object {
            "alignItems": "center",
            "flexDirection": "row",
            "marginBottom": 14,
          }
        }
      >
        <Text
          style={
            Object {
              "fontSize": 14,
              "fontWeight": "bold",
              "lineHeight": 20,
            }
          }
        >
          5 minutes
        </Text>
        <View
          style={
            Object {
              "borderBottomLeftRadius": 1,
              "borderBottomRightRadius": 1,
              "borderTopLeftRadius": 1,
              "borderTopRightRadius": 1,
              "height": 3,
              "marginBottom": 0,
              "marginLeft": 12,
              "marginRight": 12,
              "marginTop": 0,
              "width": 3,
            }
          }
        />
        <Text
          style={
            Object {
              "fontSize": 14,
              "fontWeight": "bold",
              "lineHeight": 20,
            }
          }
        >
          Apr 11, 2020
        </Text>
      </View>
      <Text
        style={
          Object {
            "fontSize": 14,
            "lineHeight": 20,
          }
        }
      >
        It is possible you were in contact with or close to someone who tested positive for COVID-19
      </Text>
    </View>
  </View>
</View>
`;
