// Jest Snapshot v1, https://goo.gl/fbAQLP

exports[`base 1`] = `
<View
  collapsable={true}
  pointerEvents="box-none"
  style={
    Object {
      "flex": 1,
    }
  }
>
  <RCTSafeAreaView
    emulateUnlessSupported={true}
    style={
      Object {
        "backgroundColor": "#F5F8FC",
        "flex": 1,
      }
    }
  >
    <View
      style={
        Object {
          "flex": 1,
        }
      }
    >
      <View
        style={
          Object {
            "padding": 20,
          }
        }
      >
        <Text
          style={
            Object {
              "fontFamily": "IBMPlexSans-Bold",
              "fontSize": 30,
              "fontWeight": "bold",
            }
          }
        >
          What is the answer?
        </Text>
      </View>
      <RCTScrollView
        style={
          Object {
            "flex": 1,
          }
        }
      >
        <View>
          <View
            style={
              Object {
                "padding": 20,
              }
            }
          >
            <View
              accessible={true}
              focusable={true}
              isTVSelectable={true}
              style={
                Object {
                  "opacity": 1,
                }
              }
              testID="option"
            >
              <View
                style={
                  Array [
                    Object {
                      "backgroundColor": "#FFF",
                      "borderColor": "rgb(173,188,205)",
                      "borderRadius": 8,
                      "borderWidth": 2,
                      "marginBottom": 16,
                      "padding": 10,
                    },
                    false,
                  ]
                }
              >
                <View
                  style={
                    Object {
                      "alignItems": "center",
                      "flexDirection": "row",
                    }
                  }
                >
                  <View
                    style={
                      Array [
                        Object {
                          "alignItems": "center",
                          "borderColor": "rgb(173,188,205)",
                          "borderRadius": 40,
                          "borderWidth": 2,
                          "height": 20,
                          "justifyContent": "center",
                          "marginRight": 10,
                          "width": 20,
                        },
                        false,
                      ]
                    }
                  />
                  <Text
                    style={
                      Object {
                        "flex": 1,
                        "flexWrap": "wrap",
                        "fontFamily": "IBMPlexSans-SemiBold",
                        "fontSize": 20,
                      }
                    }
                    testID="label"
                  >
                    A
                  </Text>
                </View>
                <View />
              </View>
            </View>
            <View
              accessible={true}
              focusable={true}
              isTVSelectable={true}
              style={
                Object {
                  "opacity": 1,
                }
              }
              testID="option"
            >
              <View
                style={
                  Array [
                    Object {
                      "backgroundColor": "#FFF",
                      "borderColor": "rgb(173,188,205)",
                      "borderRadius": 8,
                      "borderWidth": 2,
                      "marginBottom": 16,
                      "padding": 10,
                    },
                    false,
                  ]
                }
              >
                <View
                  style={
                    Object {
                      "alignItems": "center",
                      "flexDirection": "row",
                    }
                  }
                >
                  <View
                    style={
                      Array [
                        Object {
                          "alignItems": "center",
                          "borderColor": "rgb(173,188,205)",
                          "borderRadius": 40,
                          "borderWidth": 2,
                          "height": 20,
                          "justifyContent": "center",
                          "marginRight": 10,
                          "width": 20,
                        },
                        false,
                      ]
                    }
                  />
                  <Text
                    style={
                      Object {
                        "flex": 1,
                        "flexWrap": "wrap",
                        "fontFamily": "IBMPlexSans-SemiBold",
                        "fontSize": 20,
                      }
                    }
                    testID="label"
                  >
                    B
                  </Text>
                </View>
                <View />
              </View>
            </View>
          </View>
        </View>
      </RCTScrollView>
      <View
        style={
          Object {
            "padding": 20,
          }
        }
      >
        <View
          accessible={true}
          focusable={true}
          isTVSelectable={true}
          style={
            Object {
              "opacity": 1,
            }
          }
          testID="assessment-button"
        >
          <View
            style={
              Array [
                Object {
                  "borderRadius": 12,
                  "padding": 14,
                },
                Object {
                  "backgroundColor": "#868686",
                },
              ]
            }
          >
            <Text
              style={
                Object {
                  "color": "#FFF",
                  "fontFamily": "IBMPlexSans-Bold",
                  "fontSize": 18,
                  "textAlign": "center",
                }
              }
            >
              Next
            </Text>
          </View>
        </View>
      </View>
    </View>
  </RCTSafeAreaView>
</View>
`;
