// Jest Snapshot v1, https://goo.gl/fbAQLP

exports[`base 1`] = `
<View
  collapsable={true}
  pointerEvents="box-none"
  style={
    Object {
      "flex": 1,
    }
  }
>
  <RCTSafeAreaView
    emulateUnlessSupported={true}
    style={
      Object {
        "backgroundColor": "#f8f8ff",
        "flex": 1,
      }
    }
  >
    <RCTScrollView
      style={
        Object {
          "flex": 1,
        }
      }
    >
      <View>
        <View
          style={
            Object {
              "marginTop": 16,
              "paddingHorizontal": 20,
            }
          }
        >
          <Text
            style={
              Array [
                Object {
                  "color": "#1f2c9b",
                  "fontFamily": "IBMPlexSans-Bold",
                  "fontSize": 28,
                  "fontWeight": "500",
                  "lineHeight": 32,
                },
                Object {
                  "writingDirection": "ltr",
                },
                undefined,
              ]
            }
          >
            What is the answer?
          </Text>
        </View>
        <View
          style={
            Object {
              "paddingHorizontal": 20,
            }
          }
        >
          <Text
            style={
              Array [
                Object {
                  "color": "#2e2e2e",
                  "fontFamily": "IBMPlexSans",
                  "fontSize": 17,
                  "lineHeight": 24,
                },
                Object {
                  "writingDirection": "ltr",
                },
                Object {
                  "color": "#4754C5",
                  "fontFamily": "IBMPlexSans",
                  "fontSize": 17,
                  "lineHeight": 16,
                  "marginTop": 28,
                },
              ]
            }
          >
            Select one
          </Text>
          <View
            style={
              Object {
                "marginTop": 20,
              }
            }
          >
            <View
              accessible={true}
              focusable={true}
              isTVSelectable={true}
              style={
                Object {
                  "opacity": 1,
                }
              }
              testID="option"
            >
              <View
                style={
                  Array [
                    Object {
                      "backgroundColor": "#ffffff",
                      "borderColor": "#d3d3d3",
                      "borderRadius": 8,
                      "borderWidth": 2,
                      "marginBottom": 16,
                      "paddingHorizontal": 20,
                      "paddingVertical": 20,
                    },
                    false,
                  ]
                }
              >
                <View
                  style={
                    Object {
                      "alignItems": "flex-start",
                      "flexDirection": "row",
                    }
                  }
                >
                  <View
                    style={
                      Array [
                        Object {
                          "alignItems": "center",
                          "borderColor": "#999999",
                          "borderRadius": 40,
                          "borderWidth": 2,
                          "height": 24,
                          "justifyContent": "center",
                          "marginRight": 24,
                          "marginTop": 2,
                          "width": 24,
                        },
                        false,
                      ]
                    }
                  />
                  <Text
                    style={
                      Array [
                        Object {
                          "color": "#2e2e2e",
                          "fontFamily": "IBMPlexSans",
                          "fontSize": 17,
                          "lineHeight": 24,
                        },
                        Object {
                          "writingDirection": "ltr",
                        },
                        Object {
                          "color": "#2e2e2e",
                          "flex": 1,
                          "flexWrap": "wrap",
                          "fontFamily": "IBMPlexSans-Bold",
                          "fontSize": 19,
                          "fontWeight": "500",
                          "lineHeight": 24,
                        },
                      ]
                    }
                    testID="label"
                  >
                    A
                  </Text>
                </View>
              </View>
            </View>
            <View
              accessible={true}
              focusable={true}
              isTVSelectable={true}
              style={
                Object {
                  "opacity": 1,
                }
              }
              testID="option"
            >
              <View
                style={
                  Array [
                    Object {
                      "backgroundColor": "#ffffff",
                      "borderColor": "#d3d3d3",
                      "borderRadius": 8,
                      "borderWidth": 2,
                      "marginBottom": 16,
                      "paddingHorizontal": 20,
                      "paddingVertical": 20,
                    },
                    false,
                  ]
                }
              >
                <View
                  style={
                    Object {
                      "alignItems": "flex-start",
                      "flexDirection": "row",
                    }
                  }
                >
                  <View
                    style={
                      Array [
                        Object {
                          "alignItems": "center",
                          "borderColor": "#999999",
                          "borderRadius": 40,
                          "borderWidth": 2,
                          "height": 24,
                          "justifyContent": "center",
                          "marginRight": 24,
                          "marginTop": 2,
                          "width": 24,
                        },
                        false,
                      ]
                    }
                  />
                  <Text
                    style={
                      Array [
                        Object {
                          "color": "#2e2e2e",
                          "fontFamily": "IBMPlexSans",
                          "fontSize": 17,
                          "lineHeight": 24,
                        },
                        Object {
                          "writingDirection": "ltr",
                        },
                        Object {
                          "color": "#2e2e2e",
                          "flex": 1,
                          "flexWrap": "wrap",
                          "fontFamily": "IBMPlexSans-Bold",
                          "fontSize": 19,
                          "fontWeight": "500",
                          "lineHeight": 24,
                        },
                      ]
                    }
                    testID="label"
                  >
                    B
                  </Text>
                </View>
              </View>
            </View>
          </View>
        </View>
      </View>
    </RCTScrollView>
    <View
      style={
        Object {
          "padding": 20,
        }
      }
    >
      <View
        accessible={true}
        focusable={true}
        isTVSelectable={true}
        style={
          Object {
            "opacity": 1,
          }
        }
        testID="assessment-button"
      >
        <View
          style={
            Array [
              Object {
                "borderRadius": 10,
                "paddingHorizontal": 14,
                "paddingVertical": 22,
              },
              undefined,
              Object {
                "backgroundColor": "#e5e7fa",
              },
            ]
          }
        >
          <Text
            style={
              Array [
                Object {
                  "color": "#2e2e2e",
                  "fontFamily": "IBMPlexSans",
                  "fontSize": 17,
                  "lineHeight": 24,
                },
                Object {
                  "writingDirection": "ltr",
                },
                Array [
                  Object {
                    "color": "#f8f8f8",
                    "textAlign": "center",
                  },
                  undefined,
                  Object {
                    "color": "#a5affb",
                  },
                ],
              ]
            }
          >
            Next
          </Text>
        </View>
      </View>
    </View>
  </RCTSafeAreaView>
</View>
`;
