// Jest Snapshot v1, https://goo.gl/fbAQLP

exports[`<ExportScreen /> renders correctly 1`] = `
<View
  collapsable={true}
  pointerEvents="box-none"
  style={
    Object {
      "flex": 1,
    }
  }
>
  <RCTSafeAreaView
    emulateUnlessSupported={true}
    style={
      Object {
        "backgroundColor": "#1f2c9b",
        "flex": 1,
        "paddingTop": 0,
      }
    }
  >
    <View
      style={
        Object {
          "alignItems": "center",
          "backgroundColor": "#1f2c9b",
          "flexDirection": "row",
          "justifyContent": "flex-start",
          "paddingHorizontal": 16,
          "paddingVertical": 8,
        }
      }
    >
      <View
        style={
          Object {
            "flex": 1,
          }
        }
      >
        <View
          accessible={true}
          focusable={true}
          isTVSelectable={true}
          style={
            Object {
              "opacity": 1,
            }
          }
        >
          <SvgXml
            color="#ffffff"
            style={
              Object {
                "paddingTop": 12,
              }
            }
            xml="
  <svg width=\\"23\\" height=\\"24\\" viewBox=\\"0 0 23 24\\" fill=\\"none\\" xmlns=\\"http://www.w3.org/2000/svg\\">
    <path d=\\"M11.4854 3L2.22803 12.2573L11.4854 21.5146\\" stroke=\\"currentColor\\" stroke-opacity=\\"0.4\\" stroke-width=\\"3\\" stroke-linecap=\\"round\\" stroke-linejoin=\\"round\\" />
  </svg>
"
          />
        </View>
      </View>
      <View
        style={
          Object {
            "alignItems": "center",
            "flex": 3,
          }
        }
      >
        <Text
          style={
            Array [
              Object {
                "color": "#2e2e2e",
                "fontFamily": "IBMPlexSans",
                "fontSize": 17,
                "lineHeight": 28,
              },
              Object {
                "writingDirection": "ltr",
              },
              Object {
                "color": "#ffffff",
                "fontFamily": "IBMPlexSans-Bold",
                "fontSize": 19,
                "fontWeight": "500",
                "lineHeight": 40,
                "textTransform": "uppercase",
              },
            ]
          }
        >
          Download Locally (DEV)
        </Text>
      </View>
      <View
        style={
          Object {
            "flex": 1,
          }
        }
      />
    </View>
    <View
      style={
        Object {
          "backgroundColor": "#f8f8ff",
          "flex": 1,
        }
      }
    >
      <BVLinearGradient
        colors={
          Array [
            4285102584,
            4282405339,
          ]
        }
        endPoint={
          Object {
            "x": 0,
            "y": 1,
          }
        }
        locations={null}
        startPoint={
          Object {
            "x": 0,
            "y": 0,
          }
        }
        style={
          Object {
            "backgroundColor": "#f8f8f8",
            "flex": 1,
            "paddingHorizontal": 24,
          }
        }
      >
        <RCTSafeAreaView
          emulateUnlessSupported={true}
          style={
            Object {
              "flex": 1,
              "marginBottom": 24,
            }
          }
        >
          <RCTScrollView
            alwaysBounceVertical={false}
            contentContainerStyle={
              Object {
                "flexGrow": 1,
                "justifyContent": "center",
                "paddingBottom": 24,
              }
            }
            style={
              Object {
                "flexGrow": 1,
              }
            }
          >
            <View>
              <View
                style={
                  Object {
                    "flexGrow": 1,
                    "maxHeight": 20,
                  }
                }
              />
              <Text
                style={
                  Array [
                    Object {
                      "color": "#2e2e2e",
                      "fontFamily": "IBMPlexSans",
                      "fontSize": 17,
                      "lineHeight": 28,
                    },
                    Object {
                      "writingDirection": "ltr",
                    },
                    Array [
                      Object {
                        "color": "#ffffff",
                        "fontFamily": "IBMPlexSans-Bold",
                        "fontSize": 28,
                        "fontWeight": "500",
                        "lineHeight": 40,
                      },
                      undefined,
                    ],
                  ]
                }
              >
                Download Locally (DEV)
              </Text>
              <View
                style={
                  Object {
                    "height": 8,
                  }
                }
              />
              <Text
                style={
                  Array [
                    Object {
                      "color": "#2e2e2e",
                      "fontFamily": "IBMPlexSans",
                      "fontSize": 17,
                      "lineHeight": 28,
                    },
                    Object {
                      "writingDirection": "ltr",
                    },
                    Array [
                      Object {
                        "color": "#ffffff",
                        "fontFamily": "IBMPlexSans",
                        "fontSize": 17,
                        "lineHeight": 28,
                      },
                      undefined,
                    ],
                  ]
                }
              >
                Download your data for testing purposes as a JSON file. Not for production environments.
              </Text>
            </View>
          </RCTScrollView>
          <View
            accessibilityLabel="Download Locally"
            accessibilityRole="button"
            accessible={true}
            focusable={true}
            isTVSelectable={true}
            style={
              Object {
                "alignItems": "center",
                "backgroundColor": "#ffffff",
                "borderColor": "#ffffff",
                "borderRadius": 8,
                "flexDirection": "row",
                "justifyContent": "center",
                "marginTop": 10,
                "opacity": 1,
                "paddingBottom": 25,
                "paddingTop": 24,
              }
            }
          >
            <Text
              style={
                Array [
                  Object {
                    "color": "#2e2e2e",
                    "fontFamily": "IBMPlexSans",
                    "fontSize": 17,
                    "lineHeight": 28,
                  },
                  Object {
                    "writingDirection": "ltr",
                  },
                  Object {
                    "color": "#1f2c9b",
                    "fontSize": 19,
                    "fontWeight": "500",
                  },
                ]
              }
            >
              Download Locally
            </Text>
          </View>
          <View
            style={
              Object {
                "flexGrow": 1,
                "maxHeight": 20,
              }
            }
          />
        </RCTSafeAreaView>
      </BVLinearGradient>
    </View>
  </RCTSafeAreaView>
</View>
`;
