// Jest Snapshot v1, https://goo.gl/fbAQLP

exports[`Import component renders correctly 1`] = `
<RCTSafeAreaView
  emulateUnlessSupported={true}
  style={
    Object {
      "backgroundColor": "#1f2c9b",
      "flex": 1,
      "paddingTop": 0,
    }
  }
>
  <View
    style={
      Object {
        "alignItems": "center",
        "backgroundColor": "#1f2c9b",
        "flexDirection": "row",
        "justifyContent": "flex-start",
        "paddingHorizontal": 16,
        "paddingVertical": 8,
      }
    }
  >
    <View
      style={
        Object {
          "flex": 1,
        }
      }
    >
      <View
        accessible={true}
        focusable={true}
        isTVSelectable={true}
        onClick={[Function]}
        onResponderGrant={[Function]}
        onResponderMove={[Function]}
        onResponderRelease={[Function]}
        onResponderTerminate={[Function]}
        onResponderTerminationRequest={[Function]}
        onStartShouldSetResponder={[Function]}
        style={
          Object {
            "opacity": 1,
          }
        }
      >
        <SvgXml
          color="#ffffff"
          style={
            Object {
              "paddingTop": 12,
            }
          }
          xml="
  <svg width=\\"23\\" height=\\"24\\" viewBox=\\"0 0 23 24\\" fill=\\"none\\" xmlns=\\"http://www.w3.org/2000/svg\\">
    <path d=\\"M11.4854 3L2.22803 12.2573L11.4854 21.5146\\" stroke=\\"currentColor\\" stroke-opacity=\\"0.4\\" stroke-width=\\"3\\" stroke-linecap=\\"round\\" stroke-linejoin=\\"round\\" />
  </svg>
"
        />
      </View>
    </View>
    <View
      style={
        Object {
          "alignItems": "center",
          "flex": 3,
        }
      }
    >
      <Text
        style={
          Array [
            Object {
              "color": "#2e2e2e",
              "fontFamily": "IBMPlexSans",
              "fontSize": 17,
              "lineHeight": 24,
            },
            Object {
              "writingDirection": "ltr",
            },
            Object {
              "color": "#ffffff",
              "fontFamily": "IBMPlexSans-Bold",
              "fontSize": 19,
              "fontWeight": "500",
              "lineHeight": 32,
              "textTransform": "uppercase",
            },
          ]
        }
      >
        Import Locations
      </Text>
    </View>
    <View
      style={
        Object {
          "flex": 1,
        }
      }
    />
  </View>
  <View
    style={
      Object {
        "backgroundColor": "#f8f8ff",
        "flex": 1,
      }
    }
  >
    <RCTScrollView
      style={
        Object {
          "padding": 20,
        }
      }
    >
      <View>
        <Text
          style={
            Array [
              Object {
                "color": "#2e2e2e",
                "fontFamily": "IBMPlexSans",
                "fontSize": 17,
                "lineHeight": 24,
              },
              Object {
                "writingDirection": "ltr",
              },
              Object {
                "marginBottom": 16,
              },
            ]
          }
        >
          Adding location data from Google will give you a head start on building your recent locations.
        </Text>
        <Text
          style={
            Array [
              Object {
                "color": "#2e2e2e",
                "fontFamily": "IBMPlexSans",
                "fontSize": 17,
                "lineHeight": 24,
              },
              Object {
                "writingDirection": "ltr",
              },
              Object {
                "marginBottom": 16,
              },
            ]
          }
        >
          Before you can import, you must first "Take out" your location data from Google.
        </Text>
        <Text
          style={
            Array [
              Object {
                "color": "#2e2e2e",
                "fontFamily": "IBMPlexSans",
                "fontSize": 17,
                "lineHeight": 24,
              },
              Object {
                "writingDirection": "ltr",
              },
              Object {
                "marginBottom": 16,
              },
            ]
          }
        >
          Visit Google Takeout and export your Location History using the following settings: 
1. Delivery method: "Add to Drive" 
2. Frequency: "Export once" 
3. File type & size: ".zip" and "1GB"
4. Google sends an email when the export is ready 
5. Return here to import locations from Google Drive
        </Text>
        <View
          accessible={true}
          focusable={true}
          isTVSelectable={true}
          onClick={[Function]}
          onResponderGrant={[Function]}
          onResponderMove={[Function]}
          onResponderRelease={[Function]}
          onResponderTerminate={[Function]}
          onResponderTerminationRequest={[Function]}
          onStartShouldSetResponder={[Function]}
          style={
            Object {
              "alignItems": "center",
              "backgroundColor": "#4051db",
              "borderColor": "#4051db",
              "borderRadius": 8,
              "flexDirection": "row",
              "justifyContent": "center",
              "marginBottom": 20,
              "opacity": 1,
              "paddingHorizontal": 20,
              "paddingVertical": 16,
            }
          }
          testID="google-takeout-link"
        >
          <Text
            style={
              Array [
                Object {
                  "color": "#2e2e2e",
                  "fontFamily": "IBMPlexSans",
                  "fontSize": 17,
                  "lineHeight": 24,
                },
                Object {
                  "writingDirection": "ltr",
                },
                Object {
                  "color": "#ffffff",
                  "fontSize": 19,
                  "fontWeight": "500",
                },
              ]
            }
          >
            Visit Google Takeout
          </Text>
        </View>
        <View
          accessible={true}
          focusable={true}
          isTVSelectable={true}
          onClick={[Function]}
          onResponderGrant={[Function]}
          onResponderMove={[Function]}
          onResponderRelease={[Function]}
          onResponderTerminate={[Function]}
          onResponderTerminationRequest={[Function]}
          onStartShouldSetResponder={[Function]}
          style={
            Object {
              "alignItems": "center",
              "backgroundColor": "#4051db",
              "borderColor": "#4051db",
              "borderRadius": 8,
              "flexDirection": "row",
              "justifyContent": "center",
              "marginBottom": 20,
              "opacity": 1,
              "paddingHorizontal": 20,
              "paddingVertical": 16,
            }
          }
          testID="google-takeout-import-btn"
        >
          <Text
            style={
              Array [
                Object {
                  "color": "#2e2e2e",
                  "fontFamily": "IBMPlexSans",
                  "fontSize": 17,
                  "lineHeight": 24,
                },
                Object {
                  "writingDirection": "ltr",
                },
                Object {
                  "color": "#ffffff",
                  "fontSize": 19,
                  "fontWeight": "500",
                },
              ]
            }
          >
            Import Locations
          </Text>
        </View>
      </View>
    </RCTScrollView>
  </View>
</RCTSafeAreaView>
`;
