// Jest Snapshot v1, https://goo.gl/fbAQLP

exports[`LicensesScreen renders correctly 1`] = `
<View
  collapsable={true}
  pointerEvents="box-none"
  style={
    Object {
      "flex": 1,
    }
  }
>
  <ScrollView
    alwaysBounceVertical={false}
    contentContainerStyle={
      Object {
        "backgroundColor": "#f8f8f8",
        "paddingHorizontal": 24,
        "paddingTop": 24,
      }
    }
  >
    <View>
      <Text
        style={
          Array [
            Object {
              "color": "#1f2c9b",
              "fontFamily": "IBMPlexSans-Bold",
              "fontSize": 28,
              "fontWeight": "500",
              "lineHeight": 32,
            },
            Object {
              "writingDirection": "ltr",
            },
            undefined,
          ]
        }
        testID="licenses-legal-header"
      >
        PathCheck GPS
      </Text>
      <View
        style={
          Object {
            "paddingLeft": 20,
            "paddingTop": 12,
          }
        }
      >
        <Text
          style={
            Array [
              Object {
                "color": "#4e4e4e",
                "fontFamily": "IBMPlexSans",
                "fontSize": 17,
                "lineHeight": 24,
              },
              Object {
                "writingDirection": "ltr",
              },
              undefined,
            ]
          }
        >
          PathCheck Foundation
58 Day Street
Box 441621
Somerville, MA 02144
        </Text>
        <View
          style={
            Object {
              "height": 20,
            }
          }
        />
        <Text
          style={
            Array [
              Object {
                "color": "#4e4e4e",
                "fontFamily": "IBMPlexSans",
                "fontSize": 17,
                "lineHeight": 24,
              },
              Object {
                "writingDirection": "ltr",
              },
              Object {
                "color": "#1f2c9b",
                "textDecorationLine": "underline",
              },
            ]
          }
        >
          info@pathcheck.org
        </Text>
        <Text
          style={
            Array [
              Object {
                "color": "#4e4e4e",
                "fontFamily": "IBMPlexSans",
                "fontSize": 17,
                "lineHeight": 24,
              },
              Object {
                "writingDirection": "ltr",
              },
              Object {
                "color": "#1f2c9b",
                "textDecorationLine": "underline",
              },
            ]
          }
        >
          pathcheck.org
        </Text>
      </View>
    </View>
  </ScrollView>
  <TouchableOpacity
    activeOpacity={0.2}
    style={
      Object {
        "backgroundColor": "#4051db",
        "flexDirection": "row",
        "justifyContent": "space-between",
        "paddingHorizontal": 15,
        "paddingVertical": 25,
      }
    }
  >
    <Text
      style={
        Array [
          Object {
            "color": "#2e2e2e",
            "fontFamily": "IBMPlexSans",
            "fontSize": 17,
            "lineHeight": 24,
          },
          Object {
            "writingDirection": "ltr",
          },
          Object {
            "color": "#ffffff",
          },
        ]
      }
    >
      Privacy Policy
    </Text>
    <View
      style={
        Object {
          "alignSelf": "center",
          "paddingLeft": 20,
          "paddingRight": 20,
        }
      }
    >
      <Image
        source={
          Object {
            "testUri": "../../../app/assets/images/foreArrow.png",
          }
        }
      />
    </View>
  </TouchableOpacity>
</View>
`;
