// Jest Snapshot v1, https://goo.gl/fbAQLP

exports[`renders correctly 1`] = `
<View
  collapsable={true}
  pointerEvents="box-none"
  style={
    Object {
      "flex": 1,
    }
  }
>
  <BVLinearGradient
    colors={
      Array [
        4285102584,
        4282010839,
      ]
    }
    endPoint={
      Object {
        "x": 0,
        "y": 1,
      }
    }
    locations={null}
    startPoint={
      Object {
        "x": 0,
        "y": 0,
      }
    }
    style={
      Object {
        "flex": 1,
        "height": "100%",
      }
    }
  >
    <RCTSafeAreaView
      emulateUnlessSupported={true}
      style={
        Object {
          "backgroundColor": "#4051DB",
          "flexBasis": 0,
          "flexGrow": 0,
          "flexShrink": 1,
        }
      }
    />
    <RCTSafeAreaView
      emulateUnlessSupported={true}
      style={
        Object {
          "backgroundColor": "#F7F8FF",
          "flexBasis": 0,
          "flexGrow": 1,
          "flexShrink": 1,
        }
      }
    >
      <View
        style={
          Object {
            "alignItems": "center",
            "backgroundColor": "#4051DB",
            "borderBottomColor": "#5061E6",
            "borderBottomWidth": 1,
            "flexDirection": "row",
          }
        }
      >
        <View
          accessible={true}
          focusable={true}
          isTVSelectable={true}
          style={
            Object {
              "alignItems": "center",
              "height": 55,
              "justifyContent": "center",
              "opacity": 1,
              "width": 60,
              "zIndex": 1,
            }
          }
        >
          <SvgXml
            style={
              Object {
                "color": "#FFF",
                "height": 18,
                "width": 18,
              }
            }
            xml="
  <svg width=\\"23\\" height=\\"24\\" viewBox=\\"0 0 23 24\\" fill=\\"none\\" xmlns=\\"http://www.w3.org/2000/svg\\">
    <path d=\\"M11.4854 3L2.22803 12.2573L11.4854 21.5146\\" stroke=\\"currentColor\\" stroke-opacity=\\"0.4\\" stroke-width=\\"3\\" stroke-linecap=\\"round\\" stroke-linejoin=\\"round\\" />
  </svg>
"
          />
        </View>
        <Text
          style={
            Object {
              "alignSelf": "center",
              "color": "#FFF",
              "fontFamily": "IBMPlexSans-Bold",
              "fontSize": 16,
              "letterSpacing": 1,
              "lineHeight": 34,
              "paddingHorizontal": 20,
              "position": "absolute",
              "textAlign": "center",
              "textTransform": "uppercase",
              "width": "100%",
            }
          }
        >
          Latest News
        </Text>
      </View>
      <BVLinearGradient
        colors={
          Array [
            4285102584,
            4282010839,
          ]
        }
        endPoint={
          Object {
            "x": 0,
            "y": 1,
          }
        }
        locations={null}
        startPoint={
          Object {
            "x": 0,
            "y": 0,
          }
        }
        style={
          Object {
            "flex": 1,
            "height": "100%",
          }
        }
      >
        <View
          style={
            Object {
              "alignItems": "center",
              "backgroundColor": "#3A4CD7",
              "flex": 1,
              "flexDirection": "row",
              "justifyContent": "center",
            }
          }
        >
          <RCTScrollView
            scrollEnabled={true}
          >
            <View>
              <RCTScrollView
                style={
                  Object {
                    "margin": 36,
                  }
                }
              >
                <View>
                  <View
                    style={
                      Object {
                        "backgroundColor": "rgba(255,255,255,0.6)",
                        "borderRadius": 12,
                        "flexGrow": 1,
                        "height": 1067.2,
                      }
                    }
                  >
                    <View
                      style={
                        Object {
                          "alignItems": "center",
                          "borderBottomWidth": 3,
                          "height": 48,
                          "justifyContent": "center",
                          "marginBottom": 0,
                        }
                      }
                    >
                      <Text
                        style={
                          Object {
                            "fontFamily": "IBMPlexSans-SemiBold",
                            "fontSize": 16,
                            "fontWeight": "normal",
                            "lineHeight": 24,
                            "paddingHorizontal": 5,
                            "textAlign": "center",
                            "writingDirection": "ltr",
                          }
                        }
                        use="body1"
                      >
                        Safe Paths News
                      </Text>
                    </View>
                    <View
                      style={
                        Array [
                          Object {
                            "flex": 1,
                            "overflow": "hidden",
                          },
                          Object {
                            "borderBottomLeftRadius": 12,
                            "borderBottomRightRadius": 12,
                          },
                        ]
                      }
                    >
                      <RNCWebView
                        cacheEnabled={true}
                        javaScriptEnabled={true}
                        messagingEnabled={false}
                        nestedScrollEnabled={true}
                        source={
                          Object {
                            "uri": "https://covidsafepaths.org/in-app-news",
                          }
                        }
                        style={
                          Array [
                            Object {
                              "flex": 1,
                              "overflow": "hidden",
                            },
                            Object {
                              "backgroundColor": "#ffffff",
                            },
                            undefined,
                          ]
                        }
                        useSharedProcessPool={true}
                      />
                    </View>
                  </View>
                </View>
              </RCTScrollView>
            </View>
          </RCTScrollView>
          <ActivityIndicator
            animating={true}
            color="black"
            hidesWhenStopped={true}
            size="large"
            style={
              Object {
                "left": 375,
                "position": "absolute",
                "top": 667,
              }
            }
          />
        </View>
      </BVLinearGradient>
    </RCTSafeAreaView>
  </BVLinearGradient>
</View>
`;
