// Jest Snapshot v1, https://goo.gl/fbAQLP

exports[`<LocationTrackingStatus /> when contact tracing strategy is GPS renders a <LocationStatusSwitch /> if hasPermission 1`] = `
<View
  collapsable={true}
  pointerEvents="box-none"
  style={
    Object {
      "flex": 1,
    }
  }
/>
`;

exports[`<LocationTrackingStatus /> when contact tracing strategy is not GPS does not render 1`] = `
<View
  collapsable={true}
  pointerEvents="box-none"
  style={
    Object {
      "flex": 1,
    }
  }
/>
`;
